<testsuites id="" name="" tests="1" failures="0" skipped="0" errors="0" time="10.98072800000012">
<testsuite name="menu-dom-traversal.spec.ts" timestamp="2025-09-30T12:23:28.001Z" hostname="chromium" tests="1" failures="0" skipped="0" time="8.502" errors="0">
<testcase name="should verify menu category selection displays correct section" classname="menu-dom-traversal.spec.ts" time="8.502">
</testcase>
</testsuite>
</testsuites>